// Jest Snapshot v1, https://goo.gl/fbAQLP

exports[`Header renders correctly 1`] = `
<header
  className="site-header"
>
  <h1>
    <a
      href="/"
    >
      Alex Foxleigh's Blog
    </a>
  </h1>
</header>
`;
